../Core/Src/st7735.c:124:13:ST7735_GPIO_Init	4	static
../Core/Src/st7735.c:142:13:ST7735_Reset	8	static
../Core/Src/st7735.c:149:13:ST7735_WriteCommand	16	static
../Core/Src/st7735.c:162:13:ST7735_WriteData	16	static
../Core/Src/st7735.c:173:13:ST7735_ExecuteCommandList	24	static
../Core/Src/st7735.c:203:13:ST7735_SetAddressWindow	32	static
../Core/Src/st7735.c:220:13:ST7735_WriteChar	48	static
../Core/Src/st7735.c:245:6:ST7735_Init	8	static
../Core/Src/st7735.c:256:6:ST7735_DrawPixel	24	static
../Core/Src/st7735.c:270:6:ST7735_DrawString	32	static
../Core/Src/st7735.c:300:6:ST7735_FillRectangle	56	dynamic
../Core/Src/st7735.c:338:6:ST7735_FillScreen	24	static
../Core/Src/st7735.c:343:6:ST7735_DrawImage	24	static
../Core/Src/st7735.c:355:6:ST7735_InvertColors	16	static
../Core/Src/st7735.c:362:6:ST7735_Backlight_On	8	static
../Core/Src/st7735.c:367:6:ST7735_Backlight_Off	8	static
../Core/Src/st7735.c:376:6:ST7735_DrawCircle	32	static
../Core/Src/st7735.c:416:6:ST7735_DrawCircleHelper	32	static
../Core/Src/st7735.c:462:6:ST7735_FillCircle	32	static
../Core/Src/st7735.c:473:6:ST7735_FillCircleHelper	32	static
../Core/Src/st7735.c:510:6:ST7735_DrawEllipse	48	static
../Core/Src/st7735.c:554:6:ST7735_FillEllipse	48	static
../Core/Src/st7735.c:598:6:ST7735_DrawRect	24	static
../Core/Src/st7735.c:611:6:ST7735_DrawRoundRect	32	static
../Core/Src/st7735.c:630:6:ST7735_FillRoundRect	32	static
../Core/Src/st7735.c:645:6:ST7735_DrawTriangle	32	static
../Core/Src/st7735.c:657:6:ST7735_FillTriangle	64	static
../Core/Src/st7735.c:740:6:ST7735_DrawLine	48	static
../Core/Src/st7735.c:794:6:ST7735_DrawFastVLine	32	static
../Core/Src/st7735.c:812:6:ST7735_DrawFastHLine	32	static
../Core/Src/st7735.c:829:6:ST7735_SetRotation	24	static
../Core/Src/st7735.c:883:9:ST7735_GetRotation	4	static
../Core/Src/st7735.c:888:9:ST7735_GetHeight	4	static
../Core/Src/st7735.c:893:9:ST7735_GetWidth	4	static
