../Core/Src/main.c:86:5:bufsize	24	static
../Core/Src/main.c:93:6:clear_buffer	16	static
../Core/Src/main.c:98:6:send_uart	24	static
../Core/Src/main.c:111:5:main	8	static
../Core/Src/main.c:296:6:SystemClock_Config	88	static
../Core/Src/main.c:343:13:MX_SPI1_Init	8	static
../Core/Src/main.c:381:13:MX_TIM1_Init	40	static
../Core/Src/main.c:428:13:MX_TIM2_Init	40	static
../Core/Src/main.c:474:13:MX_USART1_UART_Init	8	static
../Core/Src/main.c:507:13:MX_GPIO_Init	40	static
../Core/Src/main.c:536:6:Error_Handler	4	static,ignoring_inline_asm
